[2026-07-06T07:56:47.546Z] [INFO] Starting REMOTE API on port 3001...
[2026-07-06T07:56:47.590Z] [INFO] Remote clock calibrated {"state":"synchronized","offsetMs":430,"roundTripMs":38}
Starting server on port 3001...
Server running at http://localhost:3001
[2026-07-06T07:56:47.677Z] [INFO] GET / - 0ms
[2026-07-06T07:56:49.081Z] [INFO] GET / - 0ms
[2026-07-06T07:56:51.101Z] [INFO] GET / - 0ms
[2026-07-06T07:56:52.522Z] [INFO] GET / - 0ms
[2026-07-06T07:56:53.075Z] [INFO] GET /system/time - 3ms
[2026-07-06T07:56:53.938Z] [INFO] GET / - 0ms
[2026-07-06T07:56:55.393Z] [INFO] GET / - 0ms
[2026-07-06T07:56:56.795Z] [INFO] GET / - 1ms
[2026-07-06T07:56:58.198Z] [INFO] GET / - 0ms
[2026-07-06T07:56:59.270Z] [INFO] GET /system/time - 14ms
[2026-07-06T07:56:59.343Z] [INFO] [SECURITY] AUTH:DEVICE_LOGIN_SUCCESS - Success: true
[2026-07-06T07:56:59.344Z] [INFO] POST /auth/device-login - 26ms
[2026-07-06T07:56:59.353Z] [INFO] GET /sync/changes - 8ms
[2026-07-06T07:56:59.609Z] [INFO] GET / - 0ms
[2026-07-06T07:57:01.090Z] [INFO] GET / - 0ms
[2026-07-06T07:57:02.491Z] [INFO] GET / - 0ms
[2026-07-06T07:57:04.012Z] [INFO] GET / - 0ms
[2026-07-06T07:57:05.498Z] [INFO] GET / - 0ms
[2026-07-06T07:57:06.900Z] [INFO] GET / - 0ms
[2026-07-06T07:57:07.538Z] [INFO] GET /system/time - 3ms
[2026-07-06T07:57:08.312Z] [INFO] GET / - 0ms
[2026-07-06T07:57:09.735Z] [INFO] GET / - 0ms
[2026-07-06T07:57:11.138Z] [INFO] GET / - 0ms
[2026-07-06T07:57:12.680Z] [INFO] GET / - 1ms
[2026-07-06T07:57:14.149Z] [INFO] GET / - 0ms
[2026-07-06T07:57:14.691Z] [INFO] GET /system/time - 3ms
[2026-07-06T07:57:15.563Z] [INFO] GET / - 0ms
[2026-07-06T07:57:17.014Z] [INFO] GET / - 1ms
[2026-07-06T07:57:18.428Z] [INFO] GET / - 0ms
[2026-07-06T07:57:19.829Z] [INFO] GET / - 0ms
[2026-07-06T07:57:21.369Z] [INFO] GET / - 0ms
[2026-07-06T07:57:22.885Z] [INFO] GET / - 1ms
[2026-07-06T07:57:24.404Z] [INFO] GET / - 0ms
[2026-07-06T07:57:25.805Z] [INFO] GET / - 0ms
[2026-07-06T07:57:27.371Z] [INFO] GET / - 0ms
[2026-07-06T07:57:28.879Z] [INFO] GET / - 0ms
[2026-07-06T07:57:29.400Z] [INFO] GET /sync/changes - 4ms
[2026-07-06T07:57:30.436Z] [INFO] GET / - 0ms
[2026-07-06T07:57:31.983Z] [INFO] GET / - 0ms
[2026-07-06T07:57:33.522Z] [INFO] GET / - 0ms
[2026-07-06T07:57:35.527Z] [INFO] GET / - 0ms
[2026-07-06T07:57:36.948Z] [INFO] GET / - 0ms
[2026-07-06T07:57:38.361Z] [INFO] GET / - 0ms
[2026-07-06T07:57:39.767Z] [INFO] GET / - 0ms
[2026-07-06T07:57:41.170Z] [INFO] GET / - 0ms
[2026-07-06T07:57:42.609Z] [INFO] GET / - 1ms
[2026-07-06T07:57:44.012Z] [INFO] GET / - 0ms
[2026-07-06T07:57:45.476Z] [INFO] GET / - 0ms
[2026-07-06T07:57:46.880Z] [INFO] GET / - 0ms
[2026-07-06T07:57:48.281Z] [INFO] GET / - 0ms
[2026-07-06T07:57:49.696Z] [INFO] GET / - 0ms
[2026-07-06T07:57:51.112Z] [INFO] GET / - 0ms
[2026-07-06T07:57:52.513Z] [INFO] GET / - 0ms
[2026-07-06T07:57:53.992Z] [INFO] GET / - 0ms
[2026-07-06T07:57:55.533Z] [INFO] GET / - 1ms
[2026-07-06T07:57:56.930Z] [INFO] GET / - 0ms
[2026-07-06T07:57:58.334Z] [INFO] GET / - 0ms
[2026-07-06T07:57:59.395Z] [INFO] GET /sync/changes - 7ms
[2026-07-06T07:57:59.735Z] [INFO] GET / - 0ms
[2026-07-06T07:58:01.148Z] [INFO] GET / - 0ms
[2026-07-06T07:58:02.545Z] [INFO] GET / - 0ms
[2026-07-06T07:58:03.973Z] [INFO] GET / - 0ms
[2026-07-06T07:58:05.376Z] [INFO] GET / - 0ms
[2026-07-06T07:58:07.402Z] [INFO] GET / - 0ms
[2026-07-06T07:58:08.970Z] [INFO] GET / - 0ms
[2026-07-06T07:58:10.434Z] [INFO] GET / - 0ms
[2026-07-06T07:58:11.834Z] [INFO] GET / - 0ms
[2026-07-06T07:58:13.235Z] [INFO] GET / - 0ms
[2026-07-06T07:58:14.649Z] [INFO] GET / - 0ms
[2026-07-06T07:58:16.057Z] [INFO] GET / - 0ms
[2026-07-06T07:58:17.463Z] [INFO] GET / - 0ms
[2026-07-06T07:58:18.868Z] [INFO] GET / - 0ms
[2026-07-06T07:58:20.274Z] [INFO] GET / - 0ms
[2026-07-06T07:58:21.678Z] [INFO] GET / - 0ms
[2026-07-06T07:58:23.083Z] [INFO] GET / - 0ms
[2026-07-06T07:58:24.485Z] [INFO] GET / - 0ms
[2026-07-06T07:58:26.029Z] [INFO] GET / - 0ms
[2026-07-06T07:58:27.433Z] [INFO] GET / - 0ms
[2026-07-06T07:58:28.836Z] [INFO] GET / - 1ms
[2026-07-06T07:58:29.412Z] [INFO] GET /sync/changes - 8ms
[2026-07-06T07:58:30.878Z] [INFO] GET / - 0ms
[2026-07-06T07:58:32.341Z] [INFO] GET / - 0ms
[2026-07-06T07:58:33.750Z] [INFO] GET / - 0ms
[2026-07-06T07:58:35.209Z] [INFO] GET / - 0ms
[2026-07-06T07:58:36.561Z] [INFO] GET / - 0ms
[2026-07-06T07:58:37.970Z] [INFO] GET / - 0ms
[2026-07-06T07:58:39.542Z] [INFO] GET / - 0ms
[2026-07-06T07:58:40.944Z] [INFO] GET / - 0ms
[2026-07-06T07:58:42.380Z] [INFO] GET / - 0ms
[2026-07-06T07:58:43.847Z] [INFO] GET / - 0ms
[2026-07-06T07:58:45.286Z] [INFO] GET / - 2ms
[2026-07-06T07:58:46.857Z] [INFO] GET / - 0ms
[2026-07-06T07:58:48.273Z] [INFO] GET / - 1ms
[2026-07-06T07:58:49.680Z] [INFO] GET / - 0ms
[2026-07-06T07:58:51.080Z] [INFO] GET / - 0ms
[2026-07-06T07:58:53.360Z] [INFO] GET / - 1ms
[2026-07-06T07:58:54.953Z] [INFO] GET / - 0ms
[2026-07-06T07:58:56.463Z] [INFO] GET / - 0ms
[2026-07-06T07:58:57.916Z] [INFO] GET / - 0ms
[2026-07-06T07:58:59.418Z] [INFO] GET /sync/changes - 7ms
[2026-07-06T07:58:59.427Z] [INFO] GET / - 0ms
[2026-07-06T07:59:00.942Z] [INFO] GET / - 0ms
[2026-07-06T07:59:02.350Z] [INFO] GET / - 0ms
[2026-07-06T07:59:03.812Z] [INFO] GET / - 0ms
[2026-07-06T07:59:05.225Z] [INFO] GET / - 0ms
[2026-07-06T07:59:06.675Z] [INFO] GET / - 0ms
[2026-07-06T07:59:08.215Z] [INFO] GET / - 0ms
[2026-07-06T07:59:09.708Z] [INFO] GET / - 0ms
[2026-07-06T07:59:11.123Z] [INFO] GET / - 0ms
[2026-07-06T07:59:12.617Z] [INFO] GET / - 0ms
[2026-07-06T07:59:14.019Z] [INFO] GET / - 0ms
[2026-07-06T07:59:16.030Z] [INFO] GET / - 0ms
[2026-07-06T07:59:18.420Z] [INFO] GET / - 0ms
[2026-07-06T07:59:19.909Z] [INFO] GET / - 0ms
[2026-07-06T07:59:21.315Z] [INFO] GET / - 1ms
[2026-07-06T07:59:22.800Z] [INFO] GET / - 0ms
[2026-07-06T07:59:24.198Z] [INFO] GET / - 0ms
[2026-07-06T07:59:25.621Z] [INFO] GET / - 0ms
[2026-07-06T07:59:27.013Z] [INFO] GET / - 0ms
[2026-07-06T07:59:28.494Z] [INFO] GET / - 0ms
[2026-07-06T07:59:29.424Z] [INFO] GET /sync/changes - 6ms
[2026-07-06T07:59:29.915Z] [INFO] GET / - 0ms
[2026-07-06T07:59:31.489Z] [INFO] GET / - 0ms
[2026-07-06T07:59:32.899Z] [INFO] GET / - 0ms
[2026-07-06T07:59:34.308Z] [INFO] GET / - 0ms
[2026-07-06T07:59:35.718Z] [INFO] GET / - 0ms
[2026-07-06T07:59:37.292Z] [INFO] GET / - 0ms
[2026-07-06T07:59:39.317Z] [INFO] GET / - 0ms
[2026-07-06T07:59:40.768Z] [INFO] GET / - 0ms
[2026-07-06T07:59:42.175Z] [INFO] GET / - 0ms
[2026-07-06T07:59:43.588Z] [INFO] GET / - 0ms
[2026-07-06T07:59:44.992Z] [INFO] GET / - 0ms
[2026-07-06T07:59:46.396Z] [INFO] GET / - 0ms
[2026-07-06T07:59:47.923Z] [INFO] GET / - 0ms
[2026-07-06T07:59:49.439Z] [INFO] GET / - 0ms
[2026-07-06T07:59:50.964Z] [INFO] GET / - 0ms
[2026-07-06T07:59:52.367Z] [INFO] GET / - 0ms
[2026-07-06T07:59:53.771Z] [INFO] GET / - 0ms
[2026-07-06T07:59:55.330Z] [INFO] GET / - 0ms
[2026-07-06T07:59:56.736Z] [INFO] GET / - 0ms
[2026-07-06T07:59:58.294Z] [INFO] GET / - 0ms
[2026-07-06T07:59:59.433Z] [INFO] GET /sync/changes - 3ms
[2026-07-06T07:59:59.703Z] [INFO] GET / - 0ms
[2026-07-06T08:00:01.792Z] [INFO] GET / - 0ms
[2026-07-06T08:00:03.216Z] [INFO] GET / - 0ms
[2026-07-06T08:00:04.770Z] [INFO] GET / - 0ms
[2026-07-06T08:00:06.174Z] [INFO] GET / - 0ms
[2026-07-06T08:00:07.582Z] [INFO] GET / - 0ms
[2026-07-06T08:00:08.984Z] [INFO] GET / - 0ms
[2026-07-06T08:00:10.392Z] [INFO] GET / - 0ms
[2026-07-06T08:00:11.796Z] [INFO] GET / - 0ms
[2026-07-06T08:00:13.345Z] [INFO] GET / - 0ms
[2026-07-06T08:00:14.761Z] [INFO] GET / - 0ms
[2026-07-06T08:00:16.163Z] [INFO] GET / - 0ms
[2026-07-06T08:00:17.567Z] [INFO] GET / - 0ms
[2026-07-06T08:00:18.967Z] [INFO] GET / - 0ms
[2026-07-06T08:00:20.369Z] [INFO] GET / - 0ms
[2026-07-06T08:00:21.835Z] [INFO] GET / - 0ms
[2026-07-06T08:00:24.234Z] [INFO] GET / - 0ms
[2026-07-06T08:00:25.958Z] [INFO] GET / - 0ms
[2026-07-06T08:00:27.376Z] [INFO] GET / - 1ms
[2026-07-06T08:00:28.785Z] [INFO] GET / - 0ms
[2026-07-06T08:00:29.424Z] [INFO] GET /sync/changes - 6ms
[2026-07-06T08:00:30.291Z] [INFO] GET / - 0ms
[2026-07-06T08:00:31.719Z] [INFO] GET / - 1ms
[2026-07-06T08:00:33.123Z] [INFO] GET / - 0ms
[2026-07-06T08:00:34.532Z] [INFO] GET / - 0ms
[2026-07-06T08:00:36.006Z] [INFO] GET / - 0ms
[2026-07-06T08:00:37.541Z] [INFO] GET / - 0ms
[2026-07-06T08:00:38.948Z] [INFO] GET / - 0ms
[2026-07-06T08:00:40.450Z] [INFO] GET / - 0ms
[2026-07-06T08:00:41.854Z] [INFO] GET / - 0ms
[2026-07-06T08:00:43.418Z] [INFO] GET / - 0ms
[2026-07-06T08:00:44.878Z] [INFO] GET / - 0ms
[2026-07-06T08:00:46.974Z] [INFO] GET / - 0ms
[2026-07-06T08:00:49.389Z] [INFO] GET / - 0ms
[2026-07-06T08:00:50.813Z] [INFO] GET / - 0ms
[2026-07-06T08:00:52.369Z] [INFO] GET / - 0ms
[2026-07-06T08:00:53.775Z] [INFO] GET / - 0ms
[2026-07-06T08:00:55.180Z] [INFO] GET / - 0ms
[2026-07-06T08:00:56.589Z] [INFO] GET / - 2ms
[2026-07-06T08:00:58.052Z] [INFO] GET / - 0ms
[2026-07-06T08:00:59.431Z] [INFO] GET /sync/changes - 7ms
[2026-07-06T08:00:59.496Z] [INFO] GET / - 0ms
[2026-07-06T08:01:00.901Z] [INFO] GET / - 0ms
[2026-07-06T08:01:02.300Z] [INFO] GET / - 0ms
[2026-07-06T08:01:03.725Z] [INFO] GET / - 0ms
[2026-07-06T08:01:05.139Z] [INFO] GET / - 0ms
[2026-07-06T08:01:06.600Z] [INFO] GET / - 0ms
[2026-07-06T08:01:08.019Z] [INFO] GET / - 0ms
[2026-07-06T08:01:10.058Z] [INFO] GET / - 0ms
[2026-07-06T08:01:11.596Z] [INFO] GET / - 0ms
[2026-07-06T08:01:13.079Z] [INFO] GET / - 0ms
[2026-07-06T08:01:14.644Z] [INFO] GET / - 0ms
[2026-07-06T08:01:16.057Z] [INFO] GET / - 0ms
[2026-07-06T08:01:17.598Z] [INFO] GET / - 0ms
[2026-07-06T08:01:19.167Z] [INFO] GET / - 0ms
[2026-07-06T08:01:20.649Z] [INFO] GET / - 0ms
[2026-07-06T08:01:22.077Z] [INFO] GET / - 0ms
[2026-07-06T08:01:23.530Z] [INFO] GET / - 0ms
[2026-07-06T08:01:25.020Z] [INFO] GET / - 0ms
[2026-07-06T08:01:26.494Z] [INFO] GET / - 0ms
[2026-07-06T08:01:27.896Z] [INFO] GET / - 0ms
[2026-07-06T08:01:29.449Z] [INFO] GET /sync/changes - 11ms
[2026-07-06T08:01:29.464Z] [INFO] GET / - 0ms
[2026-07-06T08:01:30.868Z] [INFO] GET / - 1ms
[2026-07-06T08:01:32.894Z] [INFO] GET / - 0ms
[2026-07-06T08:01:34.305Z] [INFO] GET / - 0ms
[2026-07-06T08:01:35.705Z] [INFO] GET / - 0ms
[2026-07-06T08:01:37.107Z] [INFO] GET / - 0ms
[2026-07-06T08:01:38.527Z] [INFO] GET / - 0ms
[2026-07-06T08:01:39.931Z] [INFO] GET / - 0ms
[2026-07-06T08:01:41.446Z] [INFO] GET / - 1ms
[2026-07-06T08:01:42.741Z] [INFO] GET / - 0ms
[2026-07-06T08:01:44.144Z] [INFO] GET / - 0ms
[2026-07-06T08:01:45.550Z] [INFO] GET / - 0ms
[2026-07-06T08:01:46.956Z] [INFO] GET / - 0ms
[2026-07-06T08:01:48.361Z] [INFO] GET / - 0ms
[2026-07-06T08:01:49.782Z] [INFO] GET / - 0ms
[2026-07-06T08:01:51.260Z] [INFO] GET / - 0ms
[2026-07-06T08:01:52.654Z] [INFO] GET / - 0ms
[2026-07-06T08:01:54.063Z] [INFO] GET / - 1ms
[2026-07-06T08:01:56.075Z] [INFO] GET / - 1ms
[2026-07-06T08:01:57.950Z] [INFO] GET / - 0ms
[2026-07-06T08:01:59.355Z] [INFO] GET / - 1ms
[2026-07-06T08:01:59.456Z] [INFO] GET /system/time - 12ms
[2026-07-06T08:01:59.484Z] [INFO] GET /sync/changes - 13ms
[2026-07-06T08:02:00.795Z] [INFO] GET / - 0ms
[2026-07-06T08:02:02.197Z] [INFO] GET / - 0ms
[2026-07-06T08:02:03.612Z] [INFO] GET / - 0ms
[2026-07-06T08:02:05.022Z] [INFO] GET / - 0ms
[2026-07-06T08:02:06.434Z] [INFO] GET / - 1ms
[2026-07-06T08:02:07.834Z] [INFO] GET / - 0ms
[2026-07-06T08:02:09.248Z] [INFO] GET / - 1ms
[2026-07-06T08:02:10.731Z] [INFO] GET / - 0ms
[2026-07-06T08:02:12.135Z] [INFO] GET / - 0ms
[2026-07-06T08:02:13.537Z] [INFO] GET / - 0ms
[2026-07-06T08:02:14.940Z] [INFO] GET / - 0ms
[2026-07-06T08:02:16.348Z] [INFO] GET / - 0ms
[2026-07-06T08:02:17.746Z] [INFO] GET / - 1ms
[2026-07-06T08:02:19.803Z] [INFO] GET / - 0ms
[2026-07-06T08:02:21.580Z] [INFO] GET / - 0ms
[2026-07-06T08:02:22.986Z] [INFO] GET / - 0ms
[2026-07-06T08:02:24.389Z] [INFO] GET / - 1ms
[2026-07-06T08:02:25.793Z] [INFO] GET / - 0ms
[2026-07-06T08:02:27.192Z] [INFO] GET / - 0ms
[2026-07-06T08:02:28.675Z] [INFO] GET / - 0ms
[2026-07-06T08:02:29.481Z] [INFO] GET /sync/changes - 10ms
[2026-07-06T08:02:30.089Z] [INFO] GET / - 0ms
[2026-07-06T08:02:31.499Z] [INFO] GET / - 0ms
[2026-07-06T08:02:32.906Z] [INFO] GET / - 0ms
[2026-07-06T08:02:34.312Z] [INFO] GET / - 0ms
[2026-07-06T08:02:35.726Z] [INFO] GET / - 0ms
[2026-07-06T08:02:37.275Z] [INFO] GET / - 0ms
[2026-07-06T08:02:38.680Z] [INFO] GET / - 0ms
[2026-07-06T08:02:40.141Z] [INFO] GET / - 0ms
[2026-07-06T08:02:41.558Z] [INFO] GET / - 0ms
[2026-07-06T08:02:43.606Z] [INFO] GET / - 0ms
[2026-07-06T08:02:45.271Z] [INFO] GET / - 0ms
[2026-07-06T08:02:46.678Z] [INFO] GET / - 0ms
[2026-07-06T08:02:48.080Z] [INFO] GET / - 0ms
[2026-07-06T08:02:49.486Z] [INFO] GET / - 0ms
[2026-07-06T08:02:51.044Z] [INFO] GET / - 0ms
[2026-07-06T08:02:52.458Z] [INFO] GET / - 0ms
[2026-07-06T08:02:53.862Z] [INFO] GET / - 0ms
[2026-07-06T08:02:55.272Z] [INFO] GET / - 0ms
[2026-07-06T08:02:56.673Z] [INFO] GET / - 0ms
[2026-07-06T08:02:58.078Z] [INFO] GET / - 1ms
[2026-07-06T08:02:59.477Z] [INFO] GET / - 0ms
[2026-07-06T08:02:59.479Z] [INFO] GET /sync/changes - 9ms
[2026-07-06T08:03:00.882Z] [INFO] GET / - 0ms
[2026-07-06T08:03:02.282Z] [INFO] GET / - 0ms
[2026-07-06T08:03:03.752Z] [INFO] GET / - 0ms
[2026-07-06T08:03:05.265Z] [INFO] GET / - 0ms
[2026-07-06T08:03:07.294Z] [INFO] GET / - 0ms
[2026-07-06T08:03:08.853Z] [INFO] GET / - 0ms
[2026-07-06T08:03:10.419Z] [INFO] GET / - 0ms
[2026-07-06T08:03:11.957Z] [INFO] GET / - 0ms
[2026-07-06T08:03:13.358Z] [INFO] GET / - 0ms
[2026-07-06T08:03:14.759Z] [INFO] GET / - 0ms
[2026-07-06T08:03:16.162Z] [INFO] GET / - 0ms
[2026-07-06T08:03:17.661Z] [INFO] GET / - 0ms
[2026-07-06T08:03:19.068Z] [INFO] GET / - 0ms
[2026-07-06T08:03:20.474Z] [INFO] GET / - 1ms
[2026-07-06T08:03:21.880Z] [INFO] GET / - 1ms
[2026-07-06T08:03:23.354Z] [INFO] GET / - 0ms
[2026-07-06T08:03:24.762Z] [INFO] GET / - 0ms
[2026-07-06T08:03:26.168Z] [INFO] GET / - 0ms
[2026-07-06T08:03:27.579Z] [INFO] GET / - 0ms
[2026-07-06T08:03:29.003Z] [INFO] GET / - 0ms
[2026-07-06T08:03:29.482Z] [INFO] GET /sync/changes - 6ms
[2026-07-06T08:03:30.565Z] [INFO] GET / - 0ms
[2026-07-06T08:03:32.094Z] [INFO] GET / - 0ms
[2026-07-06T08:03:33.544Z] [INFO] GET / - 0ms
[2026-07-06T08:03:34.953Z] [INFO] GET / - 0ms
[2026-07-06T08:03:36.357Z] [INFO] GET / - 0ms
[2026-07-06T08:03:37.806Z] [INFO] GET / - 0ms
[2026-07-06T08:03:39.210Z] [INFO] GET / - 0ms
[2026-07-06T08:03:40.693Z] [INFO] GET / - 0ms
[2026-07-06T08:03:42.221Z] [INFO] GET / - 0ms
[2026-07-06T08:03:43.690Z] [INFO] GET / - 0ms
[2026-07-06T08:03:45.093Z] [INFO] GET / - 0ms
[2026-07-06T08:03:46.501Z] [INFO] GET / - 1ms
[2026-07-06T08:03:47.904Z] [INFO] GET / - 0ms
[2026-07-06T08:03:49.310Z] [INFO] GET / - 0ms
[2026-07-06T08:03:51.587Z] [INFO] GET / - 0ms
[2026-07-06T08:03:53.201Z] [INFO] GET / - 0ms
[2026-07-06T08:03:54.762Z] [INFO] GET / - 0ms
[2026-07-06T08:03:56.261Z] [INFO] GET / - 0ms
[2026-07-06T08:03:57.667Z] [INFO] GET / - 0ms
[2026-07-06T08:03:59.079Z] [INFO] GET / - 0ms
[2026-07-06T08:03:59.511Z] [INFO] GET /sync/changes - 9ms
[2026-07-06T08:04:00.517Z] [INFO] GET / - 0ms
[2026-07-06T08:04:01.928Z] [INFO] GET / - 1ms
[2026-07-06T08:04:03.479Z] [INFO] GET / - 0ms
[2026-07-06T08:04:04.885Z] [INFO] GET / - 0ms
[2026-07-06T08:04:06.393Z] [INFO] GET / - 0ms
[2026-07-06T08:04:07.860Z] [INFO] GET / - 0ms
[2026-07-06T08:04:09.276Z] [INFO] GET / - 0ms
[2026-07-06T08:04:10.712Z] [INFO] GET / - 0ms
[2026-07-06T08:04:12.113Z] [INFO] GET / - 0ms
[2026-07-06T08:04:14.251Z] [INFO] GET / - 0ms
[2026-07-06T08:04:15.876Z] [INFO] GET / - 0ms
[2026-07-06T08:04:17.279Z] [INFO] GET / - 0ms
[2026-07-06T08:04:18.689Z] [INFO] GET / - 0ms
[2026-07-06T08:04:20.105Z] [INFO] GET / - 0ms
[2026-07-06T08:04:21.575Z] [INFO] GET / - 0ms
[2026-07-06T08:04:23.022Z] [INFO] GET / - 0ms
[2026-07-06T08:04:24.577Z] [INFO] GET / - 0ms
[2026-07-06T08:04:25.978Z] [INFO] GET / - 0ms
[2026-07-06T08:04:27.384Z] [INFO] GET / - 1ms
[2026-07-06T08:04:28.879Z] [INFO] GET / - 0ms
[2026-07-06T08:04:29.504Z] [INFO] GET /sync/changes - 10ms
[2026-07-06T08:04:30.295Z] [INFO] GET / - 0ms
[2026-07-06T08:04:31.701Z] [INFO] GET / - 0ms
[2026-07-06T08:04:33.109Z] [INFO] GET / - 0ms
[2026-07-06T08:04:34.510Z] [INFO] GET / - 0ms
[2026-07-06T08:04:35.979Z] [INFO] GET / - 0ms
[2026-07-06T08:04:37.521Z] [INFO] GET / - 0ms
[2026-07-06T08:04:38.999Z] [INFO] GET / - 0ms
[2026-07-06T08:04:40.410Z] [INFO] GET / - 0ms
[2026-07-06T08:04:41.816Z] [INFO] GET / - 0ms
[2026-07-06T08:04:43.227Z] [INFO] GET / - 1ms
[2026-07-06T08:04:44.723Z] [INFO] GET / - 0ms
[2026-07-06T08:04:46.131Z] [INFO] GET / - 0ms
[2026-07-06T08:04:47.694Z] [INFO] GET / - 0ms
[2026-07-06T08:04:49.097Z] [INFO] GET / - 0ms
[2026-07-06T08:04:50.499Z] [INFO] GET / - 0ms
[2026-07-06T08:04:51.908Z] [INFO] GET / - 0ms
[2026-07-06T08:04:53.390Z] [INFO] GET / - 0ms
[2026-07-06T08:04:54.945Z] [INFO] GET / - 0ms
[2026-07-06T08:04:56.387Z] [INFO] GET / - 0ms
[2026-07-06T08:04:58.530Z] [INFO] GET / - 0ms
[2026-07-06T08:04:59.530Z] [INFO] GET /sync/changes - 9ms
[2026-07-06T08:05:00.062Z] [INFO] GET / - 0ms
[2026-07-06T08:05:01.467Z] [INFO] GET / - 0ms
[2026-07-06T08:05:03.025Z] [INFO] GET / - 0ms
[2026-07-06T08:05:04.431Z] [INFO] GET / - 0ms
[2026-07-06T08:05:05.840Z] [INFO] GET / - 0ms
[2026-07-06T08:05:07.242Z] [INFO] GET / - 0ms
[2026-07-06T08:05:08.651Z] [INFO] GET / - 0ms
[2026-07-06T08:05:10.068Z] [INFO] GET / - 0ms
[2026-07-06T08:05:11.480Z] [INFO] GET / - 1ms
[2026-07-06T08:05:12.885Z] [INFO] GET / - 0ms
[2026-07-06T08:05:14.430Z] [INFO] GET / - 1ms
[2026-07-06T08:05:15.892Z] [INFO] GET / - 0ms
[2026-07-06T08:05:17.331Z] [INFO] GET / - 1ms
[2026-07-06T08:05:18.744Z] [INFO] GET / - 0ms
[2026-07-06T08:05:21.086Z] [INFO] GET / - 0ms
[2026-07-06T08:05:22.598Z] [INFO] GET / - 0ms
[2026-07-06T08:05:24.001Z] [INFO] GET / - 0ms
[2026-07-06T08:05:25.414Z] [INFO] GET / - 0ms
[2026-07-06T08:05:26.903Z] [INFO] GET / - 0ms
[2026-07-06T08:05:28.443Z] [INFO] GET / - 0ms
[2026-07-06T08:05:29.545Z] [INFO] GET /sync/changes - 6ms
[2026-07-06T08:05:29.871Z] [INFO] GET / - 0ms
[2026-07-06T08:05:31.274Z] [INFO] GET / - 0ms
[2026-07-06T08:05:32.677Z] [INFO] GET / - 0ms
[2026-07-06T08:05:34.093Z] [INFO] GET / - 0ms
[2026-07-06T08:05:35.495Z] [INFO] GET / - 0ms
[2026-07-06T08:05:36.977Z] [INFO] GET / - 0ms
[2026-07-06T08:05:38.366Z] [INFO] GET / - 0ms
[2026-07-06T08:05:39.768Z] [INFO] GET / - 0ms
[2026-07-06T08:05:41.186Z] [INFO] GET / - 0ms
[2026-07-06T08:05:42.587Z] [INFO] GET / - 0ms
[2026-07-06T08:05:44.677Z] [INFO] GET / - 0ms
[2026-07-06T08:05:46.080Z] [INFO] GET / - 0ms
[2026-07-06T08:05:47.516Z] [INFO] GET / - 0ms
[2026-07-06T08:05:48.919Z] [INFO] GET / - 0ms
[2026-07-06T08:05:50.326Z] [INFO] GET / - 1ms
[2026-07-06T08:05:51.811Z] [INFO] GET / - 0ms
[2026-07-06T08:05:53.360Z] [INFO] GET / - 1ms
[2026-07-06T08:05:54.872Z] [INFO] GET / - 0ms
[2026-07-06T08:05:56.278Z] [INFO] GET / - 0ms
[2026-07-06T08:05:57.744Z] [INFO] GET / - 0ms
[2026-07-06T08:05:59.209Z] [INFO] GET / - 0ms
[2026-07-06T08:05:59.549Z] [INFO] GET /sync/changes - 8ms
[2026-07-06T08:06:00.741Z] [INFO] GET / - 0ms
[2026-07-06T08:06:02.141Z] [INFO] GET / - 0ms
[2026-07-06T08:06:03.683Z] [INFO] GET / - 0ms
[2026-07-06T08:06:05.134Z] [INFO] GET / - 0ms
[2026-07-06T08:06:07.158Z] [INFO] GET / - 0ms
[2026-07-06T08:06:08.588Z] [INFO] GET / - 0ms
[2026-07-06T08:06:10.137Z] [INFO] GET / - 0ms
[2026-07-06T08:06:11.541Z] [INFO] GET / - 0ms
[2026-07-06T08:06:12.953Z] [INFO] GET / - 0ms
[2026-07-06T08:06:14.364Z] [INFO] GET / - 0ms
[2026-07-06T08:06:15.850Z] [INFO] GET / - 0ms
[2026-07-06T08:06:17.375Z] [INFO] GET / - 0ms
[2026-07-06T08:06:18.779Z] [INFO] GET / - 0ms
[2026-07-06T08:06:20.184Z] [INFO] GET / - 0ms
[2026-07-06T08:06:21.600Z] [INFO] GET / - 0ms
[2026-07-06T08:06:23.001Z] [INFO] GET / - 0ms
[2026-07-06T08:06:24.404Z] [INFO] GET / - 0ms
[2026-07-06T08:06:25.837Z] [INFO] GET / - 0ms
[2026-07-06T08:06:27.329Z] [INFO] GET / - 0ms
[2026-07-06T08:06:28.873Z] [INFO] GET / - 0ms
[2026-07-06T08:06:29.556Z] [INFO] GET /sync/changes - 5ms
[2026-07-06T08:06:30.420Z] [INFO] GET / - 0ms
[2026-07-06T08:06:31.920Z] [INFO] GET / - 0ms
[2026-07-06T08:06:33.325Z] [INFO] GET / - 0ms
[2026-07-06T08:06:34.728Z] [INFO] GET / - 0ms
[2026-07-06T08:06:36.128Z] [INFO] GET / - 1ms
[2026-07-06T08:06:38.612Z] [INFO] GET / - 0ms
[2026-07-06T08:06:40.122Z] [INFO] GET / - 0ms
[2026-07-06T08:06:41.526Z] [INFO] GET / - 0ms
[2026-07-06T08:06:43.055Z] [INFO] GET / - 0ms
[2026-07-06T08:06:44.455Z] [INFO] GET / - 0ms
[2026-07-06T08:06:45.872Z] [INFO] GET / - 0ms
[2026-07-06T08:06:47.272Z] [INFO] GET / - 0ms
[2026-07-06T08:06:48.689Z] [INFO] GET / - 0ms
[2026-07-06T08:06:50.105Z] [INFO] GET / - 0ms
[2026-07-06T08:06:51.623Z] [INFO] GET / - 0ms
[2026-07-06T08:06:53.023Z] [INFO] GET / - 0ms
[2026-07-06T08:06:54.573Z] [INFO] GET / - 0ms
[2026-07-06T08:06:55.980Z] [INFO] GET / - 0ms
[2026-07-06T08:06:57.547Z] [INFO] GET / - 0ms
[2026-07-06T08:06:58.953Z] [INFO] GET / - 0ms
[2026-07-06T08:06:59.566Z] [INFO] GET /system/time - 9ms
[2026-07-06T08:06:59.585Z] [INFO] GET /sync/changes - 8ms
[2026-07-06T08:07:01.235Z] [INFO] GET / - 0ms
[2026-07-06T08:07:02.976Z] [INFO] GET / - 0ms
[2026-07-06T08:07:04.384Z] [INFO] GET / - 0ms
[2026-07-06T08:07:05.926Z] [INFO] GET / - 0ms
[2026-07-06T08:07:07.337Z] [INFO] GET / - 0ms
[2026-07-06T08:07:08.773Z] [INFO] GET / - 0ms
[2026-07-06T08:07:10.178Z] [INFO] GET / - 0ms
[2026-07-06T08:07:11.655Z] [INFO] GET / - 0ms
[2026-07-06T08:07:13.068Z] [INFO] GET / - 0ms
[2026-07-06T08:07:14.583Z] [INFO] GET / - 0ms
[2026-07-06T08:07:16.142Z] [INFO] GET / - 0ms
[2026-07-06T08:07:17.605Z] [INFO] GET / - 0ms
[2026-07-06T08:07:19.021Z] [INFO] GET / - 1ms
[2026-07-06T08:07:20.428Z] [INFO] GET / - 0ms
[2026-07-06T08:07:21.834Z] [INFO] GET / - 0ms
[2026-07-06T08:07:23.995Z] [INFO] GET / - 0ms
[2026-07-06T08:07:25.486Z] [INFO] GET / - 0ms
[2026-07-06T08:07:26.890Z] [INFO] GET / - 0ms
[2026-07-06T08:07:28.437Z] [INFO] GET / - 0ms
[2026-07-06T08:07:29.840Z] [INFO] GET / - 0ms
[2026-07-06T08:07:31.278Z] [INFO] GET / - 0ms
[2026-07-06T08:07:32.680Z] [INFO] GET / - 0ms
[2026-07-06T08:07:34.127Z] [INFO] GET / - 0ms
[2026-07-06T08:07:35.536Z] [INFO] GET / - 0ms
[2026-07-06T08:07:36.945Z] [INFO] GET / - 0ms
[2026-07-06T08:07:38.353Z] [INFO] GET / - 0ms
[2026-07-06T08:07:39.815Z] [INFO] GET / - 0ms
[2026-07-06T08:07:41.156Z] [INFO] GET / - 0ms
[2026-07-06T08:07:42.616Z] [INFO] GET / - 0ms
[2026-07-06T08:07:44.024Z] [INFO] GET / - 0ms
[2026-07-06T08:07:45.418Z] [INFO] GET / - 0ms
[2026-07-06T08:07:47.439Z] [INFO] GET / - 0ms
[2026-07-06T08:07:49.044Z] [INFO] GET / - 0ms
[2026-07-06T08:07:50.456Z] [INFO] GET / - 1ms
[2026-07-06T08:07:51.856Z] [INFO] GET / - 0ms
[2026-07-06T08:07:53.416Z] [INFO] GET / - 0ms
[2026-07-06T08:07:54.830Z] [INFO] GET / - 0ms
[2026-07-06T08:07:56.243Z] [INFO] GET / - 0ms
[2026-07-06T08:07:57.647Z] [INFO] GET / - 0ms
[2026-07-06T08:07:59.127Z] [INFO] GET / - 0ms
[2026-07-06T08:08:00.671Z] [INFO] GET / - 0ms
[2026-07-06T08:08:02.070Z] [INFO] GET / - 0ms
[2026-07-06T08:08:03.473Z] [INFO] GET / - 0ms
[2026-07-06T08:08:04.875Z] [INFO] GET / - 0ms
[2026-07-06T08:08:06.279Z] [INFO] GET / - 0ms
[2026-07-06T08:08:07.685Z] [INFO] GET / - 0ms
[2026-07-06T08:08:10.063Z] [INFO] GET / - 0ms
[2026-07-06T08:08:11.557Z] [INFO] GET / - 0ms
[2026-07-06T08:08:12.967Z] [INFO] GET / - 0ms
[2026-07-06T08:08:14.369Z] [INFO] GET / - 0ms
[2026-07-06T08:08:15.780Z] [INFO] GET / - 0ms
[2026-07-06T08:08:17.342Z] [INFO] GET / - 0ms
[2026-07-06T08:08:18.909Z] [INFO] GET / - 0ms
[2026-07-06T08:08:20.342Z] [INFO] GET / - 0ms
[2026-07-06T08:08:21.902Z] [INFO] GET / - 0ms
[2026-07-06T08:08:23.307Z] [INFO] GET / - 0ms
[2026-07-06T08:08:24.711Z] [INFO] GET / - 0ms
